
============================================================
MLB試合予想レポート - 日本時間 2025/08/22 の試合
============================================================

[高] データ信頼性: 高 (4/4データが本日更新) | 11:37時点
------------------------------------------------------------


============================================================
**Athletics @ Minnesota Twins**
開始時刻: 08/22 02:10 (日本時間)
==================================================

【Athletics】
**先発**: Jack Perkins (1勝2敗)
ERA: 4.08 | FIP: 3.76 | xFIP: 4.20 | WHIP: 1.05 | K-BB%: 14.7% | GB%: 44.7% | FB%: 32.9% | QS率: 50.0%
SwStr%: 32.9% | BABIP: 0.219
対左: 0.190 (OPS 0.624) | 対右: 0.178 (OPS 0.519)

**中継ぎ陣** (8名):
ERA: 3.79 | FIP: 3.75 | xFIP: 2.97 | WHIP: 1.33 | K-BB%: 12.7%
SU: Justin Sterner (FIP: 4.56), Michael Kelly (FIP: 3.74)
疲労度: 主力4名が連投中

**チーム打撃**:
AVG: 0.254 | OPS: 0.755 | 得点: 576 | 本塁打: 177
wOBA: 0.327 | xwOBA: 0.318
Barrel%: 10.9% | Hard-Hit%: 25.1%
対左投手: 0.261 (OPS 0.752) | 対右投手: 0.252 (OPS 0.755)
過去5試合OPS: 0.847 | 過去10試合OPS: 0.780

【Minnesota Twins】
**先発**: 未定

**中継ぎ陣** (9名):
ERA: 4.27 | FIP: 4.10 | xFIP: 3.06 | WHIP: 1.34 | K-BB%: 10.2%
SU: Cole Sands (FIP: 3.77)
疲労度: 主力2名が連投中

**チーム打撃**:
AVG: 0.238 | OPS: 0.705 | 得点: 522 | 本塁打: 146
wOBA: 0.309 | xwOBA: 0.312
Barrel%: 9.9% | Hard-Hit%: 24.7%
対左投手: 0.230 (OPS 0.684) | 対右投手: 0.240 (OPS 0.713)
過去5試合OPS: 0.641 | 過去10試合OPS: 0.566

============================================================

============================================================
**Texas Rangers @ Kansas City Royals**
開始時刻: 08/22 03:10 (日本時間)
==================================================

【Texas Rangers】
**先発**: Patrick Corbin (6勝8敗)
ERA: 4.00 | FIP: 4.25 | xFIP: 4.21 | WHIP: 1.32 | K-BB%: 11.9% | GB%: 38.7% | FB%: 29.1% | QS率: 22.7%
SwStr%: 25.7% | BABIP: 0.298
対左: 0.236 (OPS 0.699) | 対右: 0.269 (OPS 0.754)

**中継ぎ陣** (8名):
ERA: 2.98 | FIP: 3.11 | xFIP: 2.60 | WHIP: 1.11 | K-BB%: 16.6%
CL: Robert Garcia (FIP: 3.95)
SU: Danny Coulombe (FIP: 2.35), Hoby Milner (FIP: 2.64)
疲労度: 主力5名が連投中

**チーム打撃**:
AVG: 0.233 | OPS: 0.680 | 得点: 523 | 本塁打: 135
wOBA: 0.299 | xwOBA: 0.308
Barrel%: 10.5% | Hard-Hit%: 24.0%
対左投手: 0.224 (OPS 0.629) | 対右投手: 0.235 (OPS 0.697)
過去5試合OPS: 0.757 | 過去10試合OPS: 0.694

【Kansas City Royals】
**先発**: Michael Lorenzen (5勝8敗)
ERA: 4.61 | FIP: 4.54 | xFIP: 4.37 | WHIP: 1.30 | K-BB%: 13.2% | GB%: 38.0% | FB%: 27.9% | QS率: 38.9%
SwStr%: 22.9% | BABIP: 0.289
対左: 0.250 (OPS 0.739) | 対右: 0.269 (OPS 0.820)

**中継ぎ陣** (7名):
ERA: 3.36 | FIP: 3.80 | xFIP: 2.95 | WHIP: 1.22 | K-BB%: 11.9%
CL: Carlos Estevez (FIP: 3.86)
SU: Angel Zerpa (FIP: 3.48), John Schreiber (FIP: 4.06)
疲労度: 主力6名が連投中

**チーム打撃**:
AVG: 0.246 | OPS: 0.698 | 得点: 483 | 本塁打: 120
wOBA: 0.305 | xwOBA: 0.311
Barrel%: 11.1% | Hard-Hit%: 27.3%
対左投手: 0.239 (OPS 0.665) | 対右投手: 0.248 (OPS 0.707)
過去5試合OPS: 0.849 | 過去10試合OPS: 0.814

============================================================

============================================================
**Milwaukee Brewers @ Chicago Cubs**
開始時刻: 08/22 03:20 (日本時間)
==================================================

【Milwaukee Brewers】
**先発**: Quinn Priester (11勝2敗)
ERA: 3.49 | FIP: 4.20 | xFIP: 3.80 | WHIP: 1.24 | K-BB%: 11.4% | GB%: 57.6% | FB%: 19.7% | QS率: 41.2%
SwStr%: 23.6% | BABIP: 0.274
対左: 0.227 (OPS 0.687) | 対右: 0.254 (OPS 0.735)

**中継ぎ陣** (7名):
ERA: 2.55 | FIP: 3.12 | xFIP: 2.49 | WHIP: 1.09 | K-BB%: 18.0%
CL: Shelby Miller (FIP: 3.49)
SU: Abner Uribe (FIP: 2.88), Grant Anderson (FIP: 3.71)
疲労度: 主力6名が連投中

**チーム打撃**:
AVG: 0.258 | OPS: 0.737 | 得点: 653 | 本塁打: 135
wOBA: 0.323 | xwOBA: 0.316
Barrel%: 10.8% | Hard-Hit%: 25.8%
対左投手: 0.268 (OPS 0.737) | 対右投手: 0.254 (OPS 0.737)
過去5試合OPS: 0.674 | 過去10試合OPS: 0.841

【Chicago Cubs】
**先発**: Shota Imanaga (8勝5敗)
ERA: 3.19 | FIP: 4.32 | xFIP: 4.45 | WHIP: 0.97 | K-BB%: 16.4% | GB%: 28.9% | FB%: 39.6% | QS率: 41.2%
SwStr%: 24.1% | BABIP: 0.225
対左: 0.157 (OPS 0.482) | 対右: 0.232 (OPS 0.705)

**中継ぎ陣** (7名):
ERA: 2.49 | FIP: 2.99 | xFIP: 2.48 | WHIP: 1.05 | K-BB%: 17.8%
CL: Daniel Palencia (FIP: 2.81)
SU: Andrew Kittredge (FIP: 3.30), Brad Keller (FIP: 2.99)
疲労度: 主力6名が連投中

**チーム打撃**:
AVG: 0.249 | OPS: 0.747 | 得点: 628 | 本塁打: 173
wOBA: 0.324 | xwOBA: 0.317
Barrel%: 10.0% | Hard-Hit%: 22.3%
対左投手: 0.250 (OPS 0.743) | 対右投手: 0.249 (OPS 0.749)
過去5試合OPS: 0.637 | 過去10試合OPS: 0.603

============================================================

============================================================
**Los Angeles Dodgers @ Colorado Rockies**
開始時刻: 08/22 04:10 (日本時間)
==================================================

【Los Angeles Dodgers】
**先発**: Clayton Kershaw (6勝2敗)
ERA: 3.14 | FIP: 3.78 | xFIP: 4.26 | WHIP: 1.26 | K-BB%: 9.1% | GB%: 49.8% | FB%: 21.8% | QS率: 35.7%
SwStr%: 23.6% | BABIP: 0.293
対左: 0.302 (OPS 0.797) | 対右: 0.249 (OPS 0.683)

**中継ぎ陣** (8名):
ERA: 3.74 | FIP: 3.67 | xFIP: 2.62 | WHIP: 1.19 | K-BB%: 15.8%
SU: Alex Vesia (FIP: 3.86), Anthony Banda (FIP: 4.46)
疲労度: 主力4名が連投中

**チーム打撃**:
AVG: 0.254 | OPS: 0.771 | 得点: 655 | 本塁打: 188
wOBA: 0.335 | xwOBA: 0.320
Barrel%: 10.1% | Hard-Hit%: 23.0%
対左投手: 0.256 (OPS 0.772) | 対右投手: 0.254 (OPS 0.773)
過去5試合OPS: 0.769 | 過去10試合OPS: 0.803

【Colorado Rockies】
**先発**: Chase Dollander (2勝9敗)
ERA: 6.35 | FIP: 5.75 | xFIP: 4.89 | WHIP: 1.56 | K-BB%: 6.3% | GB%: 43.0% | FB%: 25.7% | QS率: 18.8%
SwStr%: 22.3% | BABIP: 0.290
対左: 0.272 (OPS 0.816) | 対右: 0.273 (OPS 0.800)

**中継ぎ陣** (8名):
ERA: 4.20 | FIP: 4.02 | xFIP: 2.89 | WHIP: 1.38 | K-BB%: 12.5%
CL: Victor Vodnik (FIP: 3.89)
SU: Jimmy Herget (FIP: 3.71), Juan Mejia (FIP: 3.23)
疲労度: 主力3名が連投中

**チーム打撃**:
AVG: 0.240 | OPS: 0.694 | 得点: 483 | 本塁打: 131
wOBA: 0.301 | xwOBA: 0.310
Barrel%: 10.2% | Hard-Hit%: 23.8%
対左投手: 0.236 (OPS 0.681) | 対右投手: 0.240 (OPS 0.695)
過去5試合OPS: 0.777 | 過去10試合OPS: 0.736

============================================================

============================================================
**New York Mets @ Washington Nationals**
開始時刻: 08/22 05:05 (日本時間)
==================================================

【New York Mets】
**先発**: Sean Manaea (1勝1敗)
ERA: 4.33 | FIP: 3.80 | xFIP: 3.56 | WHIP: 1.11 | K-BB%: 21.1% | GB%: 41.3% | FB%: 24.0% | QS率: 0.0%
SwStr%: 23.1% | BABIP: 0.286
対左: 0.278 (OPS 0.594) | 対右: 0.221 (OPS 0.694)

**中継ぎ陣** (7名):
ERA: 3.00 | FIP: 3.02 | xFIP: 2.51 | WHIP: 1.20 | K-BB%: 17.3%
CL: Edwin Diaz (FIP: 2.77)
SU: Gregory Soto (FIP: 3.03), Reed Garrett (FIP: 3.38)
疲労度: 主力6名が連投中

**チーム打撃**:
AVG: 0.244 | OPS: 0.739 | 得点: 566 | 本塁打: 165
wOBA: 0.323 | xwOBA: 0.316
Barrel%: 12.7% | Hard-Hit%: 28.3%
対左投手: 0.226 (OPS 0.664) | 対右投手: 0.251 (OPS 0.768)
過去5試合OPS: 0.902 | 過去10試合OPS: 0.931

【Washington Nationals】
**先発**: MacKenzie Gore (5勝12敗)
ERA: 4.09 | FIP: 3.54 | xFIP: 3.49 | WHIP: 1.33 | K-BB%: 19.9% | GB%: 37.4% | FB%: 31.4% | QS率: 54.2%
SwStr%: 30.6% | BABIP: 0.338
対左: 0.241 (OPS 0.690) | 対右: 0.264 (OPS 0.744)

**中継ぎ陣** (9名):
ERA: 4.66 | FIP: 4.29 | xFIP: 2.96 | WHIP: 1.36 | K-BB%: 11.6%
SU: Brad Lord (FIP: 3.55), Cole Henry (FIP: 5.04)
疲労度: 主力4名が連投中

**チーム打撃**:
AVG: 0.244 | OPS: 0.696 | 得点: 537 | 本塁打: 119
wOBA: 0.305 | xwOBA: 0.310
Barrel%: 10.2% | Hard-Hit%: 25.3%
対左投手: 0.232 (OPS 0.657) | 対右投手: 0.248 (OPS 0.712)
過去5試合OPS: 0.643 | 過去10試合OPS: 0.766

============================================================

============================================================
**San Francisco Giants @ San Diego Padres**
開始時刻: 08/22 05:10 (日本時間)
==================================================

【San Francisco Giants】
**先発**: Justin Verlander (1勝9敗)
ERA: 4.53 | FIP: 4.16 | xFIP: 4.71 | WHIP: 1.50 | K-BB%: 11.5% | GB%: 34.2% | FB%: 32.3% | QS率: 30.0%
SwStr%: 24.7% | BABIP: 0.332
対左: 0.292 (OPS 0.832) | 対右: 0.277 (OPS 0.773)

**中継ぎ陣** (8名):
ERA: 3.45 | FIP: 3.20 | xFIP: 2.78 | WHIP: 1.22 | K-BB%: 13.7%
CL: Ryan Walker (FIP: 3.14)
SU: Randy Rodriguez (FIP: 2.13)
疲労度: 主力4名が連投中

**チーム打撃**:
AVG: 0.232 | OPS: 0.682 | 得点: 510 | 本塁打: 120
wOBA: 0.301 | xwOBA: 0.309
Barrel%: 10.5% | Hard-Hit%: 24.6%
対左投手: 0.212 (OPS 0.617) | 対右投手: 0.240 (OPS 0.708)
過去5試合OPS: 0.704 | 過去10試合OPS: 0.596

【San Diego Padres】
**先発**: Dylan Cease (5勝10敗)
ERA: 4.52 | FIP: 3.42 | xFIP: 3.30 | WHIP: 1.28 | K-BB%: 21.6% | GB%: 37.3% | FB%: 30.0% | QS率: 29.2%
SwStr%: 34.4% | BABIP: 0.321
対左: 0.226 (OPS 0.705) | 対右: 0.247 (OPS 0.709)

**中継ぎ陣** (9名):
ERA: 2.71 | FIP: 2.92 | xFIP: 2.42 | WHIP: 1.09 | K-BB%: 19.0%
CL: Mason Miller (FIP: 2.66)
SU: Adrian Morejon (FIP: 1.88), Jason Adam (FIP: 2.92)
疲労度: 主力7名が連投中

**チーム打撃**:
AVG: 0.252 | OPS: 0.706 | 得点: 526 | 本塁打: 108
wOBA: 0.311 | xwOBA: 0.312
Barrel%: 10.0% | Hard-Hit%: 23.4%
対左投手: 0.244 (OPS 0.681) | 対右投手: 0.254 (OPS 0.715)
過去5試合OPS: 0.621 | 過去10試合OPS: 0.737

============================================================

============================================================
**Houston Astros @ Baltimore Orioles**
開始時刻: 08/22 08:15 (日本時間)
==================================================

【Houston Astros】
**先発**: Jason Alexander (3勝1敗)
ERA: 5.02 | FIP: 4.80 | xFIP: 4.69 | WHIP: 1.46 | K-BB%: 6.5% | GB%: 46.7% | FB%: 24.2% | QS率: 60.0%
SwStr%: 23.7% | BABIP: 0.278
対左: 0.253 (OPS 0.814) | 対右: 0.250 (OPS 0.694)

**中継ぎ陣** (8名):
ERA: 3.35 | FIP: 3.28 | xFIP: 2.41 | WHIP: 1.13 | K-BB%: 18.7%
SU: Bennett Sousa (FIP: 2.69), Bryan Abreu (FIP: 2.31)
疲労度: 主力6名が連投中

**チーム打撃**:
AVG: 0.253 | OPS: 0.716 | 得点: 532 | 本塁打: 137
wOBA: 0.314 | xwOBA: 0.313
Barrel%: 9.7% | Hard-Hit%: 21.8%
対左投手: 0.258 (OPS 0.758) | 対右投手: 0.251 (OPS 0.706)
過去5試合OPS: 0.463 | 過去10試合OPS: 0.554

【Baltimore Orioles】
**先発**: Brandon Young (0勝6敗)
ERA: 6.70 | FIP: 5.58 | xFIP: 4.53 | WHIP: 1.74 | K-BB%: 9.8% | GB%: 41.7% | FB%: 28.5% | QS率: 10.0%
SwStr%: 23.2% | BABIP: 0.356
対左: 0.319 (OPS 0.973) | 対右: 0.313 (OPS 0.918)

**中継ぎ陣** (8名):
ERA: 4.42 | FIP: 4.09 | xFIP: 2.88 | WHIP: 1.43 | K-BB%: 13.3%
SU: Keegan Akin (FIP: 4.60), Yennier Cano (FIP: 4.14)
疲労度: 主力2名が連投中

**チーム打撃**:
AVG: 0.240 | OPS: 0.709 | 得点: 547 | 本塁打: 151
wOBA: 0.309 | xwOBA: 0.312
Barrel%: 12.8% | Hard-Hit%: 27.8%
対左投手: 0.231 (OPS 0.658) | 対右投手: 0.244 (OPS 0.730)
過去5試合OPS: 0.745 | 過去10試合OPS: 0.670

============================================================

============================================================
**Boston Red Sox @ New York Yankees**
開始時刻: 08/22 08:15 (日本時間)
==================================================

【Boston Red Sox】
**先発**: Lucas Giolito (8勝2敗)
ERA: 3.77 | FIP: 4.43 | xFIP: 4.41 | WHIP: 1.25 | K-BB%: 11.8% | GB%: 37.3% | FB%: 27.7% | QS率: 61.1%
SwStr%: 22.6% | BABIP: 0.272
対左: 0.221 (OPS 0.708) | 対右: 0.263 (OPS 0.708)

**中継ぎ陣** (7名):
ERA: 3.35 | FIP: 3.02 | xFIP: 2.67 | WHIP: 1.19 | K-BB%: 15.3%
CL: Aroldis Chapman (FIP: 1.91)
SU: Garrett Whitlock (FIP: 2.56), Greg Weissert (FIP: 4.14)
疲労度: 主力6名が連投中

**チーム打撃**:
AVG: 0.252 | OPS: 0.748 | 得点: 632 | 本塁打: 152
wOBA: 0.326 | xwOBA: 0.317
Barrel%: 11.2% | Hard-Hit%: 26.9%
対左投手: 0.263 (OPS 0.764) | 対右投手: 0.247 (OPS 0.742)
過去5試合OPS: 0.574 | 過去10試合OPS: 0.663

【New York Yankees】
**先発**: Luis Gil (0勝1敗)
ERA: 7.27 | FIP: 4.02 | xFIP: 4.62 | WHIP: 1.85 | K-BB%: 12.2% | GB%: 26.9% | FB%: 23.1% | QS率: 0.0%
SwStr%: 28.6% | BABIP: 0.400
対左: 0.357 (OPS 0.944) | 対右: 0.286 (OPS 0.824)

**中継ぎ陣** (7名):
ERA: 3.33 | FIP: 3.23 | xFIP: 2.60 | WHIP: 1.17 | K-BB%: 16.4%
CL: Camilo Doval (FIP: 3.51)
SU: Devin Williams (FIP: 3.29), Luke Weaver (FIP: 3.74)
疲労度: 主力6名が連投中

**チーム打撃**:
AVG: 0.251 | OPS: 0.785 | 得点: 655 | 本塁打: 209
wOBA: 0.341 | xwOBA: 0.322
Barrel%: 12.6% | Hard-Hit%: 28.7%
対左投手: 0.264 (OPS 0.804) | 対右投手: 0.247 (OPS 0.777)
過去5試合OPS: 0.957 | 過去10試合OPS: 0.871

============================================================

============================================================
**St. Louis Cardinals @ Tampa Bay Rays**
開始時刻: 08/22 08:35 (日本時間)
==================================================

【St. Louis Cardinals】
**先発**: Sonny Gray (11勝5敗)
ERA: 4.06 | FIP: 3.10 | xFIP: 2.94 | WHIP: 1.15 | K-BB%: 22.8% | GB%: 42.3% | FB%: 23.4% | QS率: 45.8%
SwStr%: 26.4% | BABIP: 0.326
対左: 0.233 (OPS 0.623) | 対右: 0.282 (OPS 0.791)

**中継ぎ陣** (8名):
ERA: 3.61 | FIP: 3.67 | xFIP: 2.89 | WHIP: 1.28 | K-BB%: 13.1%
SU: JoJo Romero (FIP: 3.35), Kyle Leahy (FIP: 3.03)
疲労度: 主力3名が連投中

**チーム打撃**:
AVG: 0.249 | OPS: 0.704 | 得点: 558 | 本塁打: 121
wOBA: 0.310 | xwOBA: 0.312
Barrel%: 9.6% | Hard-Hit%: 26.4%
対左投手: 0.249 (OPS 0.694) | 対右投手: 0.250 (OPS 0.708)
過去5試合OPS: 0.726 | 過去10試合OPS: 0.659

【Tampa Bay Rays】
**先発**: Joe Boyle (1勝2敗)
ERA: 3.82 | FIP: 4.96 | xFIP: 4.87 | WHIP: 1.08 | K-BB%: 11.8% | GB%: 35.9% | FB%: 33.3% | QS率: 0.0%
SwStr%: 30.1% | BABIP: 0.164
対左: 0.145 (OPS 0.639) | 対右: 0.170 (OPS 0.562)

**中継ぎ陣** (8名):
ERA: 3.87 | FIP: 3.29 | xFIP: 2.09 | WHIP: 1.20 | K-BB%: 22.0%
CL: Pete Fairbanks (FIP: 2.73)
SU: Bryan Baker (FIP: 4.04), Edwin Uceta (FIP: 3.84)
疲労度: 主力6名が連投中

**チーム打撃**:
AVG: 0.249 | OPS: 0.708 | 得点: 563 | 本塁打: 138
wOBA: 0.310 | xwOBA: 0.312
Barrel%: 8.3% | Hard-Hit%: 22.9%
対左投手: 0.229 (OPS 0.651) | 対右投手: 0.259 (OPS 0.735)
過去5試合OPS: 0.596 | 過去10試合OPS: 0.646

============================================================

Traceback (most recent call last):
  File "C:\Users\yfuku\Desktop\mlb-data-analysis\scripts\mlb_complete_report_real.py", line 515, in <module>
    main()
    ~~~~^^
  File "C:\Users\yfuku\Desktop\mlb-data-analysis\scripts\mlb_complete_report_real.py", line 503, in main
    print(f"\n\u2705 レポートを生成しました:")
    ~~~~~^^^^^^^^^^^^^^^^^^^^^^^^^^^^^^^^^
UnicodeEncodeError: 'cp932' codec can't encode character '\u2705' in position 2: illegal multibyte sequence
